// Jest Snapshot v1, https://goo.gl/fbAQLP

exports[`expect to render Card component 1`] = `
<div>
  <Card
    email="s@gmail.com"
    id={1}
    key="0"
    name="something"
  />
</div>
`;
